// Jest Snapshot v1, https://goo.gl/fbAQLP

exports[`Testing Card component renders correctly 1`] = `ShallowWrapper {}`;
